[itweak.vip/index.html]
[backblue.gif]
[fade.gif]
[index.html]
[itweak.vip/css/style.css]
[itweak.vip/css/bootstrap.css]
[itweak.vip/css/all.min.css]
[wpgen.xyz/exc/TLUFX0PV8IQMYF8F.jpg]
[itweak.vip/ignitionLogo.svg]
[i.imgur.com/pp6Voej.png]
[i.imgur.com/VTP84qG.png]
[i.imgur.com/O5O6YUE.png]
[i.imgur.com/li0lEQJ.png]
[i.imgur.com/5LoF3oY.jpg]
[i.imgur.com/yNwJ9TH.png]
[i.imgur.com/ROudyGg.png]
[i.imgur.com/a3GGu6V.png]
[i.imgur.com/9n1aXGH.png]
[i.imgur.com/zB1nibO.png]
[i.imgur.com/0X2FTyE.png]
[i.imgur.com/xhW01kW.png]
[i.imgur.com/4P93Ce0.png]
[i.imgur.com/5nBfOBO.png]
[i.imgur.com/TNl6Dnz.png]
[i.imgur.com/EfViHVJ.png]
[i.imgur.com/XceOxxs.png]
[i.imgur.com/SJOl4K3.png]
[i.imgur.com/B5RSZ1D.png]
[i.imgur.com/qiNvd9C.png]
[i.imgur.com/lJH0d6r.png]
[i.imgur.com/upEH2rS.png]
[i.imgur.com/XRAbdbd.png]
[i.gyazo.com/6476f8e3c5fe974ae40274003857e0dd.png]
[i.imgur.com/9T5hBCo.png]
[i.imgur.com/R9jMHHH.png]
[i.imgur.com/z1wZnUN.png]
[i.gyazo.com/48093d054e70a256be4dd7a53e04ee1d.png]
[i.imgur.com/Z9jSofA.png]
[i.imgur.com/BHvJDo4.png]
[i.imgur.com/UvU9NPD.png]
[i.gyazo.com/16df73b1cf855fc601ba8325be1b1002.png]
[i.gyazo.com/06fee459c267f19d74a46baf991ed62c.png]
[i.imgur.com/9QdIDgZ.png]
[i.imgur.com/lqGyRJA.png]
[i.imgur.com/3gEcpKr.png]
[i.imgur.com/AS8njlN.png]
[i.gyazo.com/5ea8fb46d6a3e27046f9ff451f27cc5d.png]
[i.imgur.com/amZcU68.png]
[i.imgur.com/bzcah8N.png]
[i.gyazo.com/30ed4c50524db8c301b258808552c1a7.png]
[i.imgur.com/i5NTgoE.png]
[i.imgur.com/MAIji5Y.png]
[i.imgur.com/lZjHAte.png]
[i.imgur.com/bC2ScqG.png]
[i.imgur.com/vNSOoXB.png]
[i.imgur.com/hhjPoop.png]
[i.gyazo.com/522d1ee2a200235b5bc5451a4acd9014.png]
[i.imgur.com/gSJ4wOd.png]
[i.imgur.com/os5OGDh.png]
[i.imgur.com/WMtwQ48.png]
[i.gyazo.com/ff9acdbd9ee78bacd77b863c1d65f5f1.png]
[i.imgur.com/eeddQ4v.png]
[i.gyazo.com/dd91230a868585c4183eb3500b0ec470.png]
[i.gyazo.com/926787777b4612a81b3c319f48b5e63f.png]
[i.imgur.com/dPhRymm.png]
[i.imgur.com/KpGLQmo.png]
[i.imgur.com/dKJzd3P.png]
[i.gyazo.com/d72ab3f84392471a821bd5720c3643f2.png]
[i.imgur.com/NHTWp5g.png]
[i.imgur.com/5HGVm2W.png]
[i.imgur.com/LUOdriZ.png]
[i.imgur.com/8CbjRgL.png]
[i.gyazo.com/1b1c717c3f3fcd619aaa5ec5d23e07c2.png]
[i.gyazo.com/00b7c46fe8ae1e8afb95c3308846ee21.png]
[i.gyazo.com/43c26b7a9e6c4d35fac65881df50a849.png]
[i.gyazo.com/a25e9bb608748ba1b1437d669a45e11f.png]
[i.gyazo.com/09d2f4cea9a87bd5d79dca7b309cd24e.png]
[i.gyazo.com/b4dd1a530dc72c9eecc0b51477315e3e.png]
[i.imgur.com/7Mdjt3V.png]
[i.imgur.com/xfhI78Z.png]
[i.imgur.com/sOKUlrv.png]
[i.imgur.com/yTTtjVr.png]
[i.imgur.com/UrgtvRN.png]
[i.imgur.com/XbnyWAA.png]
[i.imgur.com/Zw98rvY.png]
[i.imgur.com/TIzuRDu.png]
[i.imgur.com/ndbubJf.png]
[i.imgur.com/XqwbnfI.png]
[i.imgur.com/ZI9gKTb.png]
[i.imgur.com/6Oe5rcS.png]
[i.imgur.com/dRPjeoE.png]
[i.imgur.com/Q1igcsk.png]
[i.imgur.com/6JQmA7u.png]
[i.imgur.com/l1Y6cTW.png]
[i.imgur.com/9pYtold.png]
[i.gyazo.com/0f184f3330610cedb8f34e8ecd16b556.png]
[i.gyazo.com/8a9f91ae638014313e3f2a87ec3d6173.png]
[ajax.googleapis.com/ajax/libs/jquery/2.2.4/jquery.min.js]
[cdnjs.cloudflare.com/ajax/libs/modernizr/2.8.3/modernizr.js]
[itweak.vip/js/bootstrap.min.js]
[itweak.vip/js/all.min.js]
[itweak.vip/js/custom.min.js]
[itweak.vip/index.html]
[itweak.vip/img/phone.png]
[itweak.vip/img/loader.png]
[itweak.vip/css/style.css]
[itweak.vip/css/bootstrap.css]
[itweak.vip/webfonts/fa-brands-400.eot]
[itweak.vip/webfonts/fa-brands-400d41d.eot]
[itweak.vip/webfonts/fa-brands-400.woff2]
[itweak.vip/webfonts/fa-brands-400.woff]
[itweak.vip/webfonts/fa-brands-400.ttf]
[itweak.vip/webfonts/fa-brands-400.svg]
[itweak.vip/webfonts/fa-regular-400.eot]
[itweak.vip/webfonts/fa-regular-400d41d.eot]
[itweak.vip/webfonts/fa-regular-400.woff2]
[itweak.vip/webfonts/fa-regular-400.woff]
[itweak.vip/webfonts/fa-regular-400.ttf]
[itweak.vip/webfonts/fa-regular-400.svg]
[itweak.vip/webfonts/fa-solid-900.eot]
[itweak.vip/webfonts/fa-solid-900d41d.eot]
[itweak.vip/webfonts/fa-solid-900.woff2]
[itweak.vip/webfonts/fa-solid-900.woff]
[itweak.vip/webfonts/fa-solid-900.ttf]
[itweak.vip/css/all.min.css]
[itweak.vip/webfonts/fa-solid-900.svg]
[fonts.googleapis.com/css19b0.css]
[itweak.vip/ignitionLogo.svg]
[itweak.vip/webfonts/fa-brands-400.svg]
[itweak.vip/webfonts/fa-regular-400.svg]
[itweak.vip/webfonts/fa-solid-900.svg]
